openjdk version "17.0.20.1" 2026-08-18
OpenJDK Runtime Environment (build 17.0.20.1+1-1-24.04-Ubuntu)
OpenJDK 64-Bit Server VM (build 17.0.20.1+1-1-24.04-Ubuntu, mixed mode, sharing)
IO exception while downloading manifest:
java.io.FileNotFoundException: https://dl.google.com/android/repository/sys-img/android-wear/sys-img2-4.xml
	at java.base/sun.net.www.protocol.http.HttpURLConnection.getInputStream0(HttpURLConnection.java:2055)
	at java.base/sun.net.www.protocol.http.HttpURLConnection.getInputStream(HttpURLConnection.java:1644)
	at java.base/sun.net.www.protocol.https.HttpsURLConnectionImpl.getInputStream(HttpsURLConnectionImpl.java:224)
	at com.android.sdklib.repository.legacy.remote.internal.DownloadCache.openUrl(DownloadCache.java:246)
	at com.android.sdklib.repository.legacy.remote.internal.DownloadCache.downloadAndCache(DownloadCache.java:622)
	at com.android.sdklib.repository.legacy.remote.internal.DownloadCache.openCachedUrl(DownloadCache.java:453)
	at com.android.sdklib.repository.legacy.LegacyDownloader.downloadAndStream(LegacyDownloader.java:82)
	at com.android.repository.impl.downloader.LocalFileAwareDownloader.downloadAndStream(LocalFileAwareDownloader.java:51)
	at com.android.repository.impl.manager.RemoteRepoLoaderImpl.lambda$fetchPackages$0(RemoteRepoLoaderImpl.java:138)
	at java.base/java.util.concurrent.Executors$RunnableAdapter.call(Executors.java:539)
	at java.base/java.util.concurrent.FutureTask.run(FutureTask.java:264)
	at java.base/java.util.concurrent.ThreadPoolExecutor.runWorker(ThreadPoolExecutor.java:1136)
	at java.base/java.util.concurrent.ThreadPoolExecutor$Worker.run(ThreadPoolExecutor.java:635)
	at java.base/java.lang.Thread.run(Thread.java:840)

IO exception while downloading manifest:
java.io.FileNotFoundException: https://dl.google.com/android/repository/sys-img/android/sys-img2-4.xml
	at java.base/sun.net.www.protocol.http.HttpURLConnection.getInputStream0(HttpURLConnection.java:2055)
	at java.base/sun.net.www.protocol.http.HttpURLConnection.getInputStream(HttpURLConnection.java:1644)
	at java.base/sun.net.www.protocol.https.HttpsURLConnectionImpl.getInputStream(HttpsURLConnectionImpl.java:224)
	at com.android.sdklib.repository.legacy.remote.internal.DownloadCache.openUrl(DownloadCache.java:246)
	at com.android.sdklib.repository.legacy.remote.internal.DownloadCache.downloadAndCache(DownloadCache.java:622)
	at com.android.sdklib.repository.legacy.remote.internal.DownloadCache.openCachedUrl(DownloadCache.java:453)
	at com.android.sdklib.repository.legacy.LegacyDownloader.downloadAndStream(LegacyDownloader.java:82)
	at com.android.repository.impl.downloader.LocalFileAwareDownloader.downloadAndStream(LocalFileAwareDownloader.java:51)
	at com.android.repository.impl.manager.RemoteRepoLoaderImpl.lambda$fetchPackages$0(RemoteRepoLoaderImpl.java:138)
	at java.base/java.util.concurrent.Executors$RunnableAdapter.call(Executors.java:539)
	at java.base/java.util.concurrent.FutureTask.run(FutureTask.java:264)
	at java.base/java.util.concurrent.ThreadPoolExecutor.runWorker(ThreadPoolExecutor.java:1136)
	at java.base/java.util.concurrent.ThreadPoolExecutor$Worker.run(ThreadPoolExecutor.java:635)
	at java.base/java.lang.Thread.run(Thread.java:840)

IO exception while downloading manifest:
java.io.FileNotFoundException: https://dl.google.com/android/repository/sys-img/android-automotive-distantdisplay/sys-img2-4.xml
	at java.base/sun.net.www.protocol.http.HttpURLConnection.getInputStream0(HttpURLConnection.java:2055)
	at java.base/sun.net.www.protocol.http.HttpURLConnection.getInputStream(HttpURLConnection.java:1644)
	at java.base/sun.net.www.protocol.https.HttpsURLConnectionImpl.getInputStream(HttpsURLConnectionImpl.java:224)
	at com.android.sdklib.repository.legacy.remote.internal.DownloadCache.openUrl(DownloadCache.java:246)
	at com.android.sdklib.repository.legacy.remote.internal.DownloadCache.downloadAndCache(DownloadCache.java:622)
	at com.android.sdklib.repository.legacy.remote.internal.DownloadCache.openCachedUrl(DownloadCache.java:453)
	at com.android.sdklib.repository.legacy.LegacyDownloader.downloadAndStream(LegacyDownloader.java:82)
	at com.android.repository.impl.downloader.LocalFileAwareDownloader.downloadAndStream(LocalFileAwareDownloader.java:51)
	at com.android.repository.impl.manager.RemoteRepoLoaderImpl.lambda$fetchPackages$0(RemoteRepoLoaderImpl.java:138)
	at java.base/java.util.concurrent.Executors$RunnableAdapter.call(Executors.java:539)
	at java.base/java.util.concurrent.FutureTask.run(FutureTask.java:264)
	at java.base/java.util.concurrent.ThreadPoolExecutor.runWorker(ThreadPoolExecutor.java:1136)
	at java.base/java.util.concurrent.ThreadPoolExecutor$Worker.run(ThreadPoolExecutor.java:635)
	at java.base/java.lang.Thread.run(Thread.java:840)

IO exception while downloading manifest:
java.io.FileNotFoundException: https://dl.google.com/android/repository/sys-img/google_xr/sys-img2-4.xml
	at java.base/sun.net.www.protocol.http.HttpURLConnection.getInputStream0(HttpURLConnection.java:2055)
	at java.base/sun.net.www.protocol.http.HttpURLConnection.getInputStream(HttpURLConnection.java:1644)
	at java.base/sun.net.www.protocol.https.HttpsURLConnectionImpl.getInputStream(HttpsURLConnectionImpl.java:224)
	at com.android.sdklib.repository.legacy.remote.internal.DownloadCache.openUrl(DownloadCache.java:246)
	at com.android.sdklib.repository.legacy.remote.internal.DownloadCache.downloadAndCache(DownloadCache.java:622)
	at com.android.sdklib.repository.legacy.remote.internal.DownloadCache.openCachedUrl(DownloadCache.java:453)
	at com.android.sdklib.repository.legacy.LegacyDownloader.downloadAndStream(LegacyDownloader.java:82)
	at com.android.repository.impl.downloader.LocalFileAwareDownloader.downloadAndStream(LocalFileAwareDownloader.java:51)
	at com.android.repository.impl.manager.RemoteRepoLoaderImpl.lambda$fetchPackages$0(RemoteRepoLoaderImpl.java:138)
	at java.base/java.util.concurrent.Executors$RunnableAdapter.call(Executors.java:539)
	at java.base/java.util.concurrent.FutureTask.run(FutureTask.java:264)
	at java.base/java.util.concurrent.ThreadPoolExecutor.runWorker(ThreadPoolExecutor.java:1136)
	at java.base/java.util.concurrent.ThreadPoolExecutor$Worker.run(ThreadPoolExecutor.java:635)
	at java.base/java.lang.Thread.run(Thread.java:840)

IO exception while downloading manifest:
java.io.FileNotFoundException: https://dl.google.com/android/repository/repository2-3.xml
	at java.base/sun.net.www.protocol.http.HttpURLConnection.getInputStream0(HttpURLConnection.java:2055)
	at java.base/sun.net.www.protocol.http.HttpURLConnection.getInputStream(HttpURLConnection.java:1644)
	at java.base/sun.net.www.protocol.https.HttpsURLConnectionImpl.getInputStream(HttpsURLConnectionImpl.java:224)
	at com.android.sdklib.repository.legacy.remote.internal.DownloadCache.openUrl(DownloadCache.java:246)
	at com.android.sdklib.repository.legacy.remote.internal.DownloadCache.downloadAndCache(DownloadCache.java:622)
	at com.android.sdklib.repository.legacy.remote.internal.DownloadCache.openCachedUrl(DownloadCache.java:453)
	at com.android.sdklib.repository.legacy.LegacyDownloader.downloadAndStream(LegacyDownloader.java:82)
	at com.android.repository.impl.downloader.LocalFileAwareDownloader.downloadAndStream(LocalFileAwareDownloader.java:51)
	at com.android.repository.impl.manager.RemoteRepoLoaderImpl.lambda$fetchPackages$0(RemoteRepoLoaderImpl.java:138)
	at java.base/java.util.concurrent.Executors$RunnableAdapter.call(Executors.java:539)
	at java.base/java.util.concurrent.FutureTask.run(FutureTask.java:264)
	at java.base/java.util.concurrent.ThreadPoolExecutor.runWorker(ThreadPoolExecutor.java:1136)
	at java.base/java.util.concurrent.ThreadPoolExecutor$Worker.run(ThreadPoolExecutor.java:635)
	at java.base/java.lang.Thread.run(Thread.java:840)

IO exception while downloading manifest:
java.io.FileNotFoundException: https://dl.google.com/android/repository/sys-img/google_playstore_tablet/sys-img2-4.xml
	at java.base/sun.net.www.protocol.http.HttpURLConnection.getInputStream0(HttpURLConnection.java:2055)
	at java.base/sun.net.www.protocol.http.HttpURLConnection.getInputStream(HttpURLConnection.java:1644)
	at java.base/sun.net.www.protocol.https.HttpsURLConnectionImpl.getInputStream(HttpsURLConnectionImpl.java:224)
	at com.android.sdklib.repository.legacy.remote.internal.DownloadCache.openUrl(DownloadCache.java:246)
	at com.android.sdklib.repository.legacy.remote.internal.DownloadCache.downloadAndCache(DownloadCache.java:622)
	at com.android.sdklib.repository.legacy.remote.internal.DownloadCache.openCachedUrl(DownloadCache.java:545)
	at com.android.sdklib.repository.legacy.LegacyDownloader.downloadAndStream(LegacyDownloader.java:82)
	at com.android.repository.impl.downloader.LocalFileAwareDownloader.downloadAndStream(LocalFileAwareDownloader.java:51)
	at com.android.repository.impl.manager.RemoteRepoLoaderImpl.lambda$fetchPackages$0(RemoteRepoLoaderImpl.java:138)
	at java.base/java.util.concurrent.Executors$RunnableAdapter.call(Executors.java:539)
	at java.base/java.util.concurrent.FutureTask.run(FutureTask.java:264)
	at java.base/java.util.concurrent.ThreadPoolExecutor.runWorker(ThreadPoolExecutor.java:1136)
	at java.base/java.util.concurrent.ThreadPoolExecutor$Worker.run(ThreadPoolExecutor.java:635)
	at java.base/java.lang.Thread.run(Thread.java:840)

IO exception while downloading manifest:
java.io.FileNotFoundException: https://dl.google.com/android/repository/sys-img/google_atd/sys-img2-4.xml
	at java.base/sun.net.www.protocol.http.HttpURLConnection.getInputStream0(HttpURLConnection.java:2055)
	at java.base/sun.net.www.protocol.http.HttpURLConnection.getInputStream(HttpURLConnection.java:1644)
	at java.base/sun.net.www.protocol.https.HttpsURLConnectionImpl.getInputStream(HttpsURLConnectionImpl.java:224)
	at com.android.sdklib.repository.legacy.remote.internal.DownloadCache.openUrl(DownloadCache.java:246)
	at com.android.sdklib.repository.legacy.remote.internal.DownloadCache.downloadAndCache(DownloadCache.java:622)
	at com.android.sdklib.repository.legacy.remote.internal.DownloadCache.openCachedUrl(DownloadCache.java:453)
	at com.android.sdklib.repository.legacy.LegacyDownloader.downloadAndStream(LegacyDownloader.java:82)
	at com.android.repository.impl.downloader.LocalFileAwareDownloader.downloadAndStream(LocalFileAwareDownloader.java:51)
	at com.android.repository.impl.manager.RemoteRepoLoaderImpl.lambda$fetchPackages$0(RemoteRepoLoaderImpl.java:138)
	at java.base/java.util.concurrent.Executors$RunnableAdapter.call(Executors.java:539)
	at java.base/java.util.concurrent.FutureTask.run(FutureTask.java:264)
	at java.base/java.util.concurrent.ThreadPoolExecutor.runWorker(ThreadPoolExecutor.java:1136)
	at java.base/java.util.concurrent.ThreadPoolExecutor$Worker.run(ThreadPoolExecutor.java:635)
	at java.base/java.lang.Thread.run(Thread.java:840)

IO exception while downloading manifest:
java.io.FileNotFoundException: https://dl.google.com/android/repository/glass/addon2-3.xml
	at java.base/sun.net.www.protocol.http.HttpURLConnection.getInputStream0(HttpURLConnection.java:2055)
	at java.base/sun.net.www.protocol.http.HttpURLConnection.getInputStream(HttpURLConnection.java:1644)
	at java.base/sun.net.www.protocol.https.HttpsURLConnectionImpl.getInputStream(HttpsURLConnectionImpl.java:224)
	at com.android.sdklib.repository.legacy.remote.internal.DownloadCache.openUrl(DownloadCache.java:246)
	at com.android.sdklib.repository.legacy.remote.internal.DownloadCache.downloadAndCache(DownloadCache.java:622)
	at com.android.sdklib.repository.legacy.remote.internal.DownloadCache.openCachedUrl(DownloadCache.java:453)
	at com.android.sdklib.repository.legacy.LegacyDownloader.downloadAndStream(LegacyDownloader.java:82)
	at com.android.repository.impl.downloader.LocalFileAwareDownloader.downloadAndStream(LocalFileAwareDownloader.java:51)
	at com.android.repository.impl.manager.RemoteRepoLoaderImpl.lambda$fetchPackages$0(RemoteRepoLoaderImpl.java:138)
	at java.base/java.util.concurrent.Executors$RunnableAdapter.call(Executors.java:539)
	at java.base/java.util.concurrent.FutureTask.run(FutureTask.java:264)
	at java.base/java.util.concurrent.ThreadPoolExecutor.runWorker(ThreadPoolExecutor.java:1136)
	at java.base/java.util.concurrent.ThreadPoolExecutor$Worker.run(ThreadPoolExecutor.java:635)
	at java.base/java.lang.Thread.run(Thread.java:840)

IO exception while downloading manifest:
java.io.FileNotFoundException: https://dl.google.com/android/repository/addon2-3.xml
	at java.base/sun.net.www.protocol.http.HttpURLConnection.getInputStream0(HttpURLConnection.java:2055)
	at java.base/sun.net.www.protocol.http.HttpURLConnection.getInputStream(HttpURLConnection.java:1644)
	at java.base/sun.net.www.protocol.https.HttpsURLConnectionImpl.getInputStream(HttpsURLConnectionImpl.java:224)
	at com.android.sdklib.repository.legacy.remote.internal.DownloadCache.openUrl(DownloadCache.java:246)
	at com.android.sdklib.repository.legacy.remote.internal.DownloadCache.downloadAndCache(DownloadCache.java:622)
	at com.android.sdklib.repository.legacy.remote.internal.DownloadCache.openCachedUrl(DownloadCache.java:453)
	at com.android.sdklib.repository.legacy.LegacyDownloader.downloadAndStream(LegacyDownloader.java:82)
	at com.android.repository.impl.downloader.LocalFileAwareDownloader.downloadAndStream(LocalFileAwareDownloader.java:51)
	at com.android.repository.impl.manager.RemoteRepoLoaderImpl.lambda$fetchPackages$0(RemoteRepoLoaderImpl.java:138)
	at java.base/java.util.concurrent.Executors$RunnableAdapter.call(Executors.java:539)
	at java.base/java.util.concurrent.FutureTask.run(FutureTask.java:264)
	at java.base/java.util.concurrent.ThreadPoolExecutor.runWorker(ThreadPoolExecutor.java:1136)
	at java.base/java.util.concurrent.ThreadPoolExecutor$Worker.run(ThreadPoolExecutor.java:635)
	at java.base/java.lang.Thread.run(Thread.java:840)

IO exception while downloading manifest:
java.io.FileNotFoundException: https://dl.google.com/android/repository/sys-img/google_apis/sys-img2-4.xml
	at java.base/sun.net.www.protocol.http.HttpURLConnection.getInputStream0(HttpURLConnection.java:2055)
	at java.base/sun.net.www.protocol.http.HttpURLConnection.getInputStream(HttpURLConnection.java:1644)
	at java.base/sun.net.www.protocol.https.HttpsURLConnectionImpl.getInputStream(HttpsURLConnectionImpl.java:224)
	at com.android.sdklib.repository.legacy.remote.internal.DownloadCache.openUrl(DownloadCache.java:246)
	at com.android.sdklib.repository.legacy.remote.internal.DownloadCache.downloadAndCache(DownloadCache.java:622)
	at com.android.sdklib.repository.legacy.remote.internal.DownloadCache.openCachedUrl(DownloadCache.java:453)
	at com.android.sdklib.repository.legacy.LegacyDownloader.downloadAndStream(LegacyDownloader.java:82)
	at com.android.repository.impl.downloader.LocalFileAwareDownloader.downloadAndStream(LocalFileAwareDownloader.java:51)
	at com.android.repository.impl.manager.RemoteRepoLoaderImpl.lambda$fetchPackages$0(RemoteRepoLoaderImpl.java:138)
	at java.base/java.util.concurrent.Executors$RunnableAdapter.call(Executors.java:539)
	at java.base/java.util.concurrent.FutureTask.run(FutureTask.java:264)
	at java.base/java.util.concurrent.ThreadPoolExecutor.runWorker(ThreadPoolExecutor.java:1136)
	at java.base/java.util.concurrent.ThreadPoolExecutor$Worker.run(ThreadPoolExecutor.java:635)
	at java.base/java.lang.Thread.run(Thread.java:840)

IO exception while downloading manifest:
java.io.FileNotFoundException: https://dl.google.com/android/repository/sys-img/aosp_atd/sys-img2-4.xml
	at java.base/sun.net.www.protocol.http.HttpURLConnection.getInputStream0(HttpURLConnection.java:2055)
	at java.base/sun.net.www.protocol.http.HttpURLConnection.getInputStream(HttpURLConnection.java:1644)
	at java.base/sun.net.www.protocol.https.HttpsURLConnectionImpl.getInputStream(HttpsURLConnectionImpl.java:224)
	at com.android.sdklib.repository.legacy.remote.internal.DownloadCache.openUrl(DownloadCache.java:246)
	at com.android.sdklib.repository.legacy.remote.internal.DownloadCache.downloadAndCache(DownloadCache.java:622)
	at com.android.sdklib.repository.legacy.remote.internal.DownloadCache.openCachedUrl(DownloadCache.java:453)
	at com.android.sdklib.repository.legacy.LegacyDownloader.downloadAndStream(LegacyDownloader.java:82)
	at com.android.repository.impl.downloader.LocalFileAwareDownloader.downloadAndStream(LocalFileAwareDownloader.java:51)
	at com.android.repository.impl.manager.RemoteRepoLoaderImpl.lambda$fetchPackages$0(RemoteRepoLoaderImpl.java:138)
	at java.base/java.util.concurrent.Executors$RunnableAdapter.call(Executors.java:539)
	at java.base/java.util.concurrent.FutureTask.run(FutureTask.java:264)
	at java.base/java.util.concurrent.ThreadPoolExecutor.runWorker(ThreadPoolExecutor.java:1136)
	at java.base/java.util.concurrent.ThreadPoolExecutor$Worker.run(ThreadPoolExecutor.java:635)
	at java.base/java.lang.Thread.run(Thread.java:840)

IO exception while downloading manifest:
java.io.FileNotFoundException: https://dl.google.com/android/repository/sys-img/google-tv/sys-img2-4.xml
	at java.base/sun.net.www.protocol.http.HttpURLConnection.getInputStream0(HttpURLConnection.java:2055)
	at java.base/sun.net.www.protocol.http.HttpURLConnection.getInputStream(HttpURLConnection.java:1644)
	at java.base/sun.net.www.protocol.https.HttpsURLConnectionImpl.getInputStream(HttpsURLConnectionImpl.java:224)
	at com.android.sdklib.repository.legacy.remote.internal.DownloadCache.openUrl(DownloadCache.java:246)
	at com.android.sdklib.repository.legacy.remote.internal.DownloadCache.downloadAndCache(DownloadCache.java:622)
	at com.android.sdklib.repository.legacy.remote.internal.DownloadCache.openCachedUrl(DownloadCache.java:453)
	at com.android.sdklib.repository.legacy.LegacyDownloader.downloadAndStream(LegacyDownloader.java:82)
	at com.android.repository.impl.downloader.LocalFileAwareDownloader.downloadAndStream(LocalFileAwareDownloader.java:51)
	at com.android.repository.impl.manager.RemoteRepoLoaderImpl.lambda$fetchPackages$0(RemoteRepoLoaderImpl.java:138)
	at java.base/java.util.concurrent.Executors$RunnableAdapter.call(Executors.java:539)
	at java.base/java.util.concurrent.FutureTask.run(FutureTask.java:264)
	at java.base/java.util.concurrent.ThreadPoolExecutor.runWorker(ThreadPoolExecutor.java:1136)
	at java.base/java.util.concurrent.ThreadPoolExecutor$Worker.run(ThreadPoolExecutor.java:635)
	at java.base/java.lang.Thread.run(Thread.java:840)

IO exception while downloading manifest:
java.io.FileNotFoundException: https://dl.google.com/android/repository/sys-img/android-automotive/sys-img2-4.xml
	at java.base/sun.net.www.protocol.http.HttpURLConnection.getInputStream0(HttpURLConnection.java:2055)
	at java.base/sun.net.www.protocol.http.HttpURLConnection.getInputStream(HttpURLConnection.java:1644)
	at java.base/sun.net.www.protocol.https.HttpsURLConnectionImpl.getInputStream(HttpsURLConnectionImpl.java:224)
	at com.android.sdklib.repository.legacy.remote.internal.DownloadCache.openUrl(DownloadCache.java:246)
	at com.android.sdklib.repository.legacy.remote.internal.DownloadCache.downloadAndCache(DownloadCache.java:622)
	at com.android.sdklib.repository.legacy.remote.internal.DownloadCache.openCachedUrl(DownloadCache.java:453)
	at com.android.sdklib.repository.legacy.LegacyDownloader.downloadAndStream(LegacyDownloader.java:82)
	at com.android.repository.impl.downloader.LocalFileAwareDownloader.downloadAndStream(LocalFileAwareDownloader.java:51)
	at com.android.repository.impl.manager.RemoteRepoLoaderImpl.lambda$fetchPackages$0(RemoteRepoLoaderImpl.java:138)
	at java.base/java.util.concurrent.Executors$RunnableAdapter.call(Executors.java:539)
	at java.base/java.util.concurrent.FutureTask.run(FutureTask.java:264)
	at java.base/java.util.concurrent.ThreadPoolExecutor.runWorker(ThreadPoolExecutor.java:1136)
	at java.base/java.util.concurrent.ThreadPoolExecutor$Worker.run(ThreadPoolExecutor.java:635)
	at java.base/java.lang.Thread.run(Thread.java:840)

IO exception while downloading manifest:
java.io.FileNotFoundException: https://dl.google.com/android/repository/sys-img/google_apis_tablet/sys-img2-4.xml
	at java.base/sun.net.www.protocol.http.HttpURLConnection.getInputStream0(HttpURLConnection.java:2055)
	at java.base/sun.net.www.protocol.http.HttpURLConnection.getInputStream(HttpURLConnection.java:1644)
	at java.base/sun.net.www.protocol.https.HttpsURLConnectionImpl.getInputStream(HttpsURLConnectionImpl.java:224)
	at com.android.sdklib.repository.legacy.remote.internal.DownloadCache.openUrl(DownloadCache.java:246)
	at com.android.sdklib.repository.legacy.remote.internal.DownloadCache.downloadAndCache(DownloadCache.java:622)
	at com.android.sdklib.repository.legacy.remote.internal.DownloadCache.openCachedUrl(DownloadCache.java:453)
	at com.android.sdklib.repository.legacy.LegacyDownloader.downloadAndStream(LegacyDownloader.java:82)
	at com.android.repository.impl.downloader.LocalFileAwareDownloader.downloadAndStream(LocalFileAwareDownloader.java:51)
	at com.android.repository.impl.manager.RemoteRepoLoaderImpl.lambda$fetchPackages$0(RemoteRepoLoaderImpl.java:138)
	at java.base/java.util.concurrent.Executors$RunnableAdapter.call(Executors.java:539)
	at java.base/java.util.concurrent.FutureTask.run(FutureTask.java:264)
	at java.base/java.util.concurrent.ThreadPoolExecutor.runWorker(ThreadPoolExecutor.java:1136)
	at java.base/java.util.concurrent.ThreadPoolExecutor$Worker.run(ThreadPoolExecutor.java:635)
	at java.base/java.lang.Thread.run(Thread.java:840)

IO exception while downloading manifest:
java.io.FileNotFoundException: https://dl.google.com/android/repository/sys-img/android-tv/sys-img2-4.xml
	at java.base/sun.net.www.protocol.http.HttpURLConnection.getInputStream0(HttpURLConnection.java:2055)
	at java.base/sun.net.www.protocol.http.HttpURLConnection.getInputStream(HttpURLConnection.java:1644)
	at java.base/sun.net.www.protocol.https.HttpsURLConnectionImpl.getInputStream(HttpsURLConnectionImpl.java:224)
	at com.android.sdklib.repository.legacy.remote.internal.DownloadCache.openUrl(DownloadCache.java:246)
	at com.android.sdklib.repository.legacy.remote.internal.DownloadCache.downloadAndCache(DownloadCache.java:622)
	at com.android.sdklib.repository.legacy.remote.internal.DownloadCache.openCachedUrl(DownloadCache.java:453)
	at com.android.sdklib.repository.legacy.LegacyDownloader.downloadAndStream(LegacyDownloader.java:82)
	at com.android.repository.impl.downloader.LocalFileAwareDownloader.downloadAndStream(LocalFileAwareDownloader.java:51)
	at com.android.repository.impl.manager.RemoteRepoLoaderImpl.lambda$fetchPackages$0(RemoteRepoLoaderImpl.java:138)
	at java.base/java.util.concurrent.Executors$RunnableAdapter.call(Executors.java:539)
	at java.base/java.util.concurrent.FutureTask.run(FutureTask.java:264)
	at java.base/java.util.concurrent.ThreadPoolExecutor.runWorker(ThreadPoolExecutor.java:1136)
	at java.base/java.util.concurrent.ThreadPoolExecutor$Worker.run(ThreadPoolExecutor.java:635)
	at java.base/java.lang.Thread.run(Thread.java:840)

IO exception while downloading manifest:
java.io.FileNotFoundException: https://dl.google.com/android/repository/sys-img/aosp_tablet/sys-img2-4.xml
	at java.base/sun.net.www.protocol.http.HttpURLConnection.getInputStream0(HttpURLConnection.java:2055)
	at java.base/sun.net.www.protocol.http.HttpURLConnection.getInputStream(HttpURLConnection.java:1644)
	at java.base/sun.net.www.protocol.https.HttpsURLConnectionImpl.getInputStream(HttpsURLConnectionImpl.java:224)
	at com.android.sdklib.repository.legacy.remote.internal.DownloadCache.openUrl(DownloadCache.java:246)
	at com.android.sdklib.repository.legacy.remote.internal.DownloadCache.downloadAndCache(DownloadCache.java:622)
	at com.android.sdklib.repository.legacy.remote.internal.DownloadCache.openCachedUrl(DownloadCache.java:453)
	at com.android.sdklib.repository.legacy.LegacyDownloader.downloadAndStream(LegacyDownloader.java:82)
	at com.android.repository.impl.downloader.LocalFileAwareDownloader.downloadAndStream(LocalFileAwareDownloader.java:51)
	at com.android.repository.impl.manager.RemoteRepoLoaderImpl.lambda$fetchPackages$0(RemoteRepoLoaderImpl.java:138)
	at java.base/java.util.concurrent.Executors$RunnableAdapter.call(Executors.java:539)
	at java.base/java.util.concurrent.FutureTask.run(FutureTask.java:264)
	at java.base/java.util.concurrent.ThreadPoolExecutor.runWorker(ThreadPoolExecutor.java:1136)
	at java.base/java.util.concurrent.ThreadPoolExecutor$Worker.run(ThreadPoolExecutor.java:635)
	at java.base/java.lang.Thread.run(Thread.java:840)

IO exception while downloading manifest:
java.io.FileNotFoundException: https://dl.google.com/android/repository/repository2-2.xml
	at java.base/sun.net.www.protocol.http.HttpURLConnection.getInputStream0(HttpURLConnection.java:2055)
	at java.base/sun.net.www.protocol.http.HttpURLConnection.getInputStream(HttpURLConnection.java:1644)
	at java.base/sun.net.www.protocol.https.HttpsURLConnectionImpl.getInputStream(HttpsURLConnectionImpl.java:224)
	at com.android.sdklib.repository.legacy.remote.internal.DownloadCache.openUrl(DownloadCache.java:246)
	at com.android.sdklib.repository.legacy.remote.internal.DownloadCache.downloadAndCache(DownloadCache.java:622)
	at com.android.sdklib.repository.legacy.remote.internal.DownloadCache.openCachedUrl(DownloadCache.java:453)
	at com.android.sdklib.repository.legacy.LegacyDownloader.downloadAndStream(LegacyDownloader.java:82)
	at com.android.repository.impl.downloader.LocalFileAwareDownloader.downloadAndStream(LocalFileAwareDownloader.java:51)
	at com.android.repository.impl.manager.RemoteRepoLoaderImpl.lambda$fetchPackages$0(RemoteRepoLoaderImpl.java:138)
	at java.base/java.util.concurrent.Executors$RunnableAdapter.call(Executors.java:539)
	at java.base/java.util.concurrent.FutureTask.run(FutureTask.java:264)
	at java.base/java.util.concurrent.ThreadPoolExecutor.runWorker(ThreadPoolExecutor.java:1136)
	at java.base/java.util.concurrent.ThreadPoolExecutor$Worker.run(ThreadPoolExecutor.java:635)
	at java.base/java.lang.Thread.run(Thread.java:840)

IO exception while downloading manifest:
java.io.FileNotFoundException: https://dl.google.com/android/repository/sys-img/android-wear-cn/sys-img2-4.xml
	at java.base/sun.net.www.protocol.http.HttpURLConnection.getInputStream0(HttpURLConnection.java:2055)
	at java.base/sun.net.www.protocol.http.HttpURLConnection.getInputStream(HttpURLConnection.java:1644)
	at java.base/sun.net.www.protocol.https.HttpsURLConnectionImpl.getInputStream(HttpsURLConnectionImpl.java:224)
	at com.android.sdklib.repository.legacy.remote.internal.DownloadCache.openUrl(DownloadCache.java:246)
	at com.android.sdklib.repository.legacy.remote.internal.DownloadCache.downloadAndCache(DownloadCache.java:622)
	at com.android.sdklib.repository.legacy.remote.internal.DownloadCache.openCachedUrl(DownloadCache.java:453)
	at com.android.sdklib.repository.legacy.LegacyDownloader.downloadAndStream(LegacyDownloader.java:82)
	at com.android.repository.impl.downloader.LocalFileAwareDownloader.downloadAndStream(LocalFileAwareDownloader.java:51)
	at com.android.repository.impl.manager.RemoteRepoLoaderImpl.lambda$fetchPackages$0(RemoteRepoLoaderImpl.java:138)
	at java.base/java.util.concurrent.Executors$RunnableAdapter.call(Executors.java:539)
	at java.base/java.util.concurrent.FutureTask.run(FutureTask.java:264)
	at java.base/java.util.concurrent.ThreadPoolExecutor.runWorker(ThreadPoolExecutor.java:1136)
	at java.base/java.util.concurrent.ThreadPoolExecutor$Worker.run(ThreadPoolExecutor.java:635)
	at java.base/java.lang.Thread.run(Thread.java:840)

IO exception while downloading manifest:
java.io.FileNotFoundException: https://dl.google.com/android/repository/sys-img/android-desktop/sys-img2-4.xml
	at java.base/sun.net.www.protocol.http.HttpURLConnection.getInputStream0(HttpURLConnection.java:2055)
	at java.base/sun.net.www.protocol.http.HttpURLConnection.getInputStream(HttpURLConnection.java:1644)
	at java.base/sun.net.www.protocol.https.HttpsURLConnectionImpl.getInputStream(HttpsURLConnectionImpl.java:224)
	at com.android.sdklib.repository.legacy.remote.internal.DownloadCache.openUrl(DownloadCache.java:246)
	at com.android.sdklib.repository.legacy.remote.internal.DownloadCache.downloadAndCache(DownloadCache.java:622)
	at com.android.sdklib.repository.legacy.remote.internal.DownloadCache.openCachedUrl(DownloadCache.java:453)
	at com.android.sdklib.repository.legacy.LegacyDownloader.downloadAndStream(LegacyDownloader.java:82)
	at com.android.repository.impl.downloader.LocalFileAwareDownloader.downloadAndStream(LocalFileAwareDownloader.java:51)
	at com.android.repository.impl.manager.RemoteRepoLoaderImpl.lambda$fetchPackages$0(RemoteRepoLoaderImpl.java:138)
	at java.base/java.util.concurrent.Executors$RunnableAdapter.call(Executors.java:539)
	at java.base/java.util.concurrent.FutureTask.run(FutureTask.java:264)
	at java.base/java.util.concurrent.ThreadPoolExecutor.runWorker(ThreadPoolExecutor.java:1136)
	at java.base/java.util.concurrent.ThreadPoolExecutor$Worker.run(ThreadPoolExecutor.java:635)
	at java.base/java.lang.Thread.run(Thread.java:840)

IO exception while downloading manifest:
java.io.FileNotFoundException: https://dl.google.com/android/repository/sys-img/google_apis_playstore/sys-img2-4.xml
	at java.base/sun.net.www.protocol.http.HttpURLConnection.getInputStream0(HttpURLConnection.java:2055)
	at java.base/sun.net.www.protocol.http.HttpURLConnection.getInputStream(HttpURLConnection.java:1644)
	at java.base/sun.net.www.protocol.https.HttpsURLConnectionImpl.getInputStream(HttpsURLConnectionImpl.java:224)
	at com.android.sdklib.repository.legacy.remote.internal.DownloadCache.openUrl(DownloadCache.java:246)
	at com.android.sdklib.repository.legacy.remote.internal.DownloadCache.downloadAndCache(DownloadCache.java:622)
	at com.android.sdklib.repository.legacy.remote.internal.DownloadCache.openCachedUrl(DownloadCache.java:453)
	at com.android.sdklib.repository.legacy.LegacyDownloader.downloadAndStream(LegacyDownloader.java:82)
	at com.android.repository.impl.downloader.LocalFileAwareDownloader.downloadAndStream(LocalFileAwareDownloader.java:51)
	at com.android.repository.impl.manager.RemoteRepoLoaderImpl.lambda$fetchPackages$0(RemoteRepoLoaderImpl.java:138)
	at java.base/java.util.concurrent.Executors$RunnableAdapter.call(Executors.java:539)
	at java.base/java.util.concurrent.FutureTask.run(FutureTask.java:264)
	at java.base/java.util.concurrent.ThreadPoolExecutor.runWorker(ThreadPoolExecutor.java:1136)
	at java.base/java.util.concurrent.ThreadPoolExecutor$Worker.run(ThreadPoolExecutor.java:635)
	at java.base/java.lang.Thread.run(Thread.java:840)

Still waiting for package manifests to be fetched remotely.

FAILURE: Build failed with an exception.

* What went wrong:
Could not determine the dependencies of task ':app:compileDebugJavaWithJavac'.
> Could not determine the dependencies of null.
   > Failed to find Build Tools revision 34.0.0

* Try:
> Run with --info or --debug option to get more log output.
> Run with --scan to get full insights.
> Get more help at https://help.gradle.org.

* Exception is:
org.gradle.api.internal.tasks.TaskDependencyResolveException: Could not determine the dependencies of task ':app:compileDebugJavaWithJavac'.
	at org.gradle.api.internal.tasks.CachingTaskDependencyResolveContext.getDependencies(CachingTaskDependencyResolveContext.java:68)
	at org.gradle.execution.plan.TaskDependencyResolver.resolveDependenciesFor(TaskDependencyResolver.java:49)
	at org.gradle.execution.plan.LocalTaskNode.getDependencies(LocalTaskNode.java:148)
	at org.gradle.execution.plan.LocalTaskNode.resolveDependencies(LocalTaskNode.java:122)
	at org.gradle.execution.plan.DefaultExecutionPlan.discoverNodeRelationships(DefaultExecutionPlan.java:182)
	at org.gradle.execution.plan.DefaultExecutionPlan.doAddEntryNodes(DefaultExecutionPlan.java:154)
	at org.gradle.execution.plan.DefaultExecutionPlan.addEntryTasks(DefaultExecutionPlan.java:129)
	at org.gradle.execution.plan.DefaultExecutionPlan.addEntryTasks(DefaultExecutionPlan.java:121)
	at org.gradle.execution.TaskNameResolvingBuildTaskScheduler.scheduleRequestedTasks(TaskNameResolvingBuildTaskScheduler.java:54)
	at org.gradle.execution.DefaultTasksBuildTaskScheduler.scheduleRequestedTasks(DefaultTasksBuildTaskScheduler.java:72)
	at org.gradle.initialization.DefaultTaskExecutionPreparer.lambda$scheduleRequestedTasks$0(DefaultTaskExecutionPreparer.java:46)
	at org.gradle.internal.Factories$1.create(Factories.java:31)
	at org.gradle.internal.work.DefaultWorkerLeaseService.withReplacedLocks(DefaultWorkerLeaseService.java:360)
	at org.gradle.api.internal.project.DefaultProjectStateRegistry$DefaultBuildProjectRegistry.withMutableStateOfAllProjects(DefaultProjectStateRegistry.java:240)
	at org.gradle.api.internal.project.DefaultProjectStateRegistry$DefaultBuildProjectRegistry.withMutableStateOfAllProjects(DefaultProjectStateRegistry.java:233)
	at org.gradle.initialization.DefaultTaskExecutionPreparer.scheduleRequestedTasks(DefaultTaskExecutionPreparer.java:45)
	at org.gradle.initialization.VintageBuildModelController.lambda$scheduleRequestedTasks$0(VintageBuildModelController.java:76)
	at org.gradle.internal.model.StateTransitionController.lambda$inState$1(StateTransitionController.java:99)
	at org.gradle.internal.model.StateTransitionController.lambda$inState$2(StateTransitionController.java:114)
	at org.gradle.internal.work.DefaultSynchronizer.withLock(DefaultSynchronizer.java:44)
	at org.gradle.internal.model.StateTransitionController.inState(StateTransitionController.java:110)
	at org.gradle.internal.model.StateTransitionController.inState(StateTransitionController.java:98)
	at org.gradle.initialization.VintageBuildModelController.scheduleRequestedTasks(VintageBuildModelController.java:76)
	at org.gradle.internal.build.DefaultBuildLifecycleController$DefaultWorkGraphBuilder.addRequestedTasks(DefaultBuildLifecycleController.java:404)
	at org.gradle.internal.buildtree.DefaultBuildTreeWorkPreparer.lambda$scheduleRequestedTasks$0(DefaultBuildTreeWorkPreparer.java:41)
	at org.gradle.internal.build.DefaultBuildLifecycleController.lambda$populateWorkGraph$7(DefaultBuildLifecycleController.java:189)
	at org.gradle.internal.build.DefaultBuildWorkPreparer.populateWorkGraph(DefaultBuildWorkPreparer.java:42)
	at org.gradle.internal.build.BuildOperationFiringBuildWorkPreparer$PopulateWorkGraph.populateTaskGraph(BuildOperationFiringBuildWorkPreparer.java:106)
	at org.gradle.internal.build.BuildOperationFiringBuildWorkPreparer$PopulateWorkGraph.run(BuildOperationFiringBuildWorkPreparer.java:92)
	at org.gradle.internal.operations.DefaultBuildOperationRunner$1.execute(DefaultBuildOperationRunner.java:29)
	at org.gradle.internal.operations.DefaultBuildOperationRunner$1.execute(DefaultBuildOperationRunner.java:26)
	at org.gradle.internal.operations.DefaultBuildOperationRunner$2.execute(DefaultBuildOperationRunner.java:66)
	at org.gradle.internal.operations.DefaultBuildOperationRunner$2.execute(DefaultBuildOperationRunner.java:59)
	at org.gradle.internal.operations.DefaultBuildOperationRunner.execute(DefaultBuildOperationRunner.java:157)
	at org.gradle.internal.operations.DefaultBuildOperationRunner.execute(DefaultBuildOperationRunner.java:59)
	at org.gradle.internal.operations.DefaultBuildOperationRunner.run(DefaultBuildOperationRunner.java:47)
	at org.gradle.internal.operations.DefaultBuildOperationExecutor.run(DefaultBuildOperationExecutor.java:68)
	at org.gradle.internal.build.BuildOperationFiringBuildWorkPreparer.populateWorkGraph(BuildOperationFiringBuildWorkPreparer.java:67)
	at org.gradle.internal.build.DefaultBuildLifecycleController.lambda$populateWorkGraph$8(DefaultBuildLifecycleController.java:189)
	at org.gradle.internal.model.StateTransitionController.lambda$inState$1(StateTransitionController.java:99)
	at org.gradle.internal.model.StateTransitionController.lambda$inState$2(StateTransitionController.java:114)
	at org.gradle.internal.work.DefaultSynchronizer.withLock(DefaultSynchronizer.java:44)
	at org.gradle.internal.model.StateTransitionController.inState(StateTransitionController.java:110)
	at org.gradle.internal.model.StateTransitionController.inState(StateTransitionController.java:98)
	at org.gradle.internal.build.DefaultBuildLifecycleController.populateWorkGraph(DefaultBuildLifecycleController.java:189)
	at org.gradle.internal.build.DefaultBuildWorkGraphController$DefaultBuildWorkGraph.populateWorkGraph(DefaultBuildWorkGraphController.java:169)
	at org.gradle.composite.internal.DefaultBuildController.populateWorkGraph(DefaultBuildController.java:76)
	at org.gradle.composite.internal.DefaultIncludedBuildTaskGraph$DefaultBuildTreeWorkGraphBuilder.withWorkGraph(DefaultIncludedBuildTaskGraph.java:153)
	at org.gradle.internal.buildtree.DefaultBuildTreeWorkPreparer.lambda$scheduleRequestedTasks$1(DefaultBuildTreeWorkPreparer.java:41)
	at org.gradle.composite.internal.DefaultIncludedBuildTaskGraph$DefaultBuildTreeWorkGraph$1.run(DefaultIncludedBuildTaskGraph.java:209)
	at org.gradle.internal.operations.DefaultBuildOperationRunner$1.execute(DefaultBuildOperationRunner.java:29)
	at org.gradle.internal.operations.DefaultBuildOperationRunner$1.execute(DefaultBuildOperationRunner.java:26)
	at org.gradle.internal.operations.DefaultBuildOperationRunner$2.execute(DefaultBuildOperationRunner.java:66)
	at org.gradle.internal.operations.DefaultBuildOperationRunner$2.execute(DefaultBuildOperationRunner.java:59)
	at org.gradle.internal.operations.DefaultBuildOperationRunner.execute(DefaultBuildOperationRunner.java:157)
	at org.gradle.internal.operations.DefaultBuildOperationRunner.execute(DefaultBuildOperationRunner.java:59)
	at org.gradle.internal.operations.DefaultBuildOperationRunner.run(DefaultBuildOperationRunner.java:47)
	at org.gradle.internal.operations.DefaultBuildOperationExecutor.run(DefaultBuildOperationExecutor.java:68)
	at org.gradle.composite.internal.DefaultIncludedBuildTaskGraph$DefaultBuildTreeWorkGraph.scheduleWork(DefaultIncludedBuildTaskGraph.java:204)
	at org.gradle.internal.buildtree.DefaultBuildTreeWorkPreparer.scheduleRequestedTasks(DefaultBuildTreeWorkPreparer.java:37)
	at org.gradle.configurationcache.VintageBuildTreeWorkController$scheduleAndRunRequestedTasks$1.apply(VintageBuildTreeWorkController.kt:36)
	at org.gradle.configurationcache.VintageBuildTreeWorkController$scheduleAndRunRequestedTasks$1.apply(VintageBuildTreeWorkController.kt:35)
	at org.gradle.composite.internal.DefaultIncludedBuildTaskGraph.withNewWorkGraph(DefaultIncludedBuildTaskGraph.java:112)
	at org.gradle.configurationcache.VintageBuildTreeWorkController.scheduleAndRunRequestedTasks(VintageBuildTreeWorkController.kt:35)
	at org.gradle.internal.buildtree.DefaultBuildTreeLifecycleController.lambda$scheduleAndRunTasks$1(DefaultBuildTreeLifecycleController.java:77)
	at org.gradle.internal.buildtree.DefaultBuildTreeLifecycleController.lambda$runBuild$4(DefaultBuildTreeLifecycleController.java:120)
	at org.gradle.internal.model.StateTransitionController.lambda$transition$6(StateTransitionController.java:169)
	at org.gradle.internal.model.StateTransitionController.doTransition(StateTransitionController.java:266)
	at org.gradle.internal.model.StateTransitionController.lambda$transition$7(StateTransitionController.java:169)
	at org.gradle.internal.work.DefaultSynchronizer.withLock(DefaultSynchronizer.java:44)
	at org.gradle.internal.model.StateTransitionController.transition(StateTransitionController.java:169)
	at org.gradle.internal.buildtree.DefaultBuildTreeLifecycleController.runBuild(DefaultBuildTreeLifecycleController.java:117)
	at org.gradle.internal.buildtree.DefaultBuildTreeLifecycleController.scheduleAndRunTasks(DefaultBuildTreeLifecycleController.java:77)
	at org.gradle.internal.buildtree.DefaultBuildTreeLifecycleController.scheduleAndRunTasks(DefaultBuildTreeLifecycleController.java:72)
	at org.gradle.tooling.internal.provider.ExecuteBuildActionRunner.run(ExecuteBuildActionRunner.java:31)
	at org.gradle.launcher.exec.ChainingBuildActionRunner.run(ChainingBuildActionRunner.java:35)
	at org.gradle.internal.buildtree.ProblemReportingBuildActionRunner.run(ProblemReportingBuildActionRunner.java:49)
	at org.gradle.launcher.exec.BuildOutcomeReportingBuildActionRunner.run(BuildOutcomeReportingBuildActionRunner.java:65)
	at org.gradle.tooling.internal.provider.FileSystemWatchingBuildActionRunner.run(FileSystemWatchingBuildActionRunner.java:140)
	at org.gradle.launcher.exec.BuildCompletionNotifyingBuildActionRunner.run(BuildCompletionNotifyingBuildActionRunner.java:41)
	at org.gradle.launcher.exec.RootBuildLifecycleBuildActionExecutor.lambda$execute$0(RootBuildLifecycleBuildActionExecutor.java:40)
	at org.gradle.composite.internal.DefaultRootBuildState.run(DefaultRootBuildState.java:123)
	at org.gradle.launcher.exec.RootBuildLifecycleBuildActionExecutor.execute(RootBuildLifecycleBuildActionExecutor.java:40)
	at org.gradle.internal.buildtree.InitDeprecationLoggingActionExecutor.execute(InitDeprecationLoggingActionExecutor.java:66)
	at org.gradle.internal.buildtree.InitProblems.execute(InitProblems.java:36)
	at org.gradle.internal.buildtree.DefaultBuildTreeContext.execute(DefaultBuildTreeContext.java:40)
	at org.gradle.launcher.exec.BuildTreeLifecycleBuildActionExecutor.lambda$execute$0(BuildTreeLifecycleBuildActionExecutor.java:71)
	at org.gradle.internal.buildtree.BuildTreeState.run(BuildTreeState.java:60)
	at org.gradle.launcher.exec.BuildTreeLifecycleBuildActionExecutor.execute(BuildTreeLifecycleBuildActionExecutor.java:71)
	at org.gradle.launcher.exec.RunAsBuildOperationBuildActionExecutor$3.call(RunAsBuildOperationBuildActionExecutor.java:61)
	at org.gradle.launcher.exec.RunAsBuildOperationBuildActionExecutor$3.call(RunAsBuildOperationBuildActionExecutor.java:57)
	at org.gradle.internal.operations.DefaultBuildOperationRunner$CallableBuildOperationWorker.execute(DefaultBuildOperationRunner.java:200)
	at org.gradle.internal.operations.DefaultBuildOperationRunner$CallableBuildOperationWorker.execute(DefaultBuildOperationRunner.java:195)
	at org.gradle.internal.operations.DefaultBuildOperationRunner$2.execute(DefaultBuildOperationRunner.java:66)
	at org.gradle.internal.operations.DefaultBuildOperationRunner$2.execute(DefaultBuildOperationRunner.java:59)
	at org.gradle.internal.operations.DefaultBuildOperationRunner.execute(DefaultBuildOperationRunner.java:157)
	at org.gradle.internal.operations.DefaultBuildOperationRunner.execute(DefaultBuildOperationRunner.java:59)
	at org.gradle.internal.operations.DefaultBuildOperationRunner.call(DefaultBuildOperationRunner.java:53)
	at org.gradle.internal.operations.DefaultBuildOperationExecutor.call(DefaultBuildOperationExecutor.java:73)
	at org.gradle.launcher.exec.RunAsBuildOperationBuildActionExecutor.execute(RunAsBuildOperationBuildActionExecutor.java:57)
	at org.gradle.launcher.exec.RunAsWorkerThreadBuildActionExecutor.lambda$execute$0(RunAsWorkerThreadBuildActionExecutor.java:36)
	at org.gradle.internal.work.DefaultWorkerLeaseService.withLocks(DefaultWorkerLeaseService.java:264)
	at org.gradle.internal.work.DefaultWorkerLeaseService.runAsWorkerThread(DefaultWorkerLeaseService.java:128)
	at org.gradle.launcher.exec.RunAsWorkerThreadBuildActionExecutor.execute(RunAsWorkerThreadBuildActionExecutor.java:36)
	at org.gradle.tooling.internal.provider.continuous.ContinuousBuildActionExecutor.execute(ContinuousBuildActionExecutor.java:110)
	at org.gradle.tooling.internal.provider.SubscribableBuildActionExecutor.execute(SubscribableBuildActionExecutor.java:64)
	at org.gradle.internal.session.DefaultBuildSessionContext.execute(DefaultBuildSessionContext.java:46)
	at org.gradle.tooling.internal.provider.BuildSessionLifecycleBuildActionExecuter$ActionImpl.apply(BuildSessionLifecycleBuildActionExecuter.java:92)
	at org.gradle.tooling.internal.provider.BuildSessionLifecycleBuildActionExecuter$ActionImpl.apply(BuildSessionLifecycleBuildActionExecuter.java:80)
	at org.gradle.internal.session.BuildSessionState.run(BuildSessionState.java:71)
	at org.gradle.tooling.internal.provider.BuildSessionLifecycleBuildActionExecuter.execute(BuildSessionLifecycleBuildActionExecuter.java:62)
	at org.gradle.tooling.internal.provider.BuildSessionLifecycleBuildActionExecuter.execute(BuildSessionLifecycleBuildActionExecuter.java:41)
	at org.gradle.tooling.internal.provider.StartParamsValidatingActionExecuter.execute(StartParamsValidatingActionExecuter.java:64)
	at org.gradle.tooling.internal.provider.StartParamsValidatingActionExecuter.execute(StartParamsValidatingActionExecuter.java:32)
	at org.gradle.tooling.internal.provider.SessionFailureReportingActionExecuter.execute(SessionFailureReportingActionExecuter.java:51)
	at org.gradle.tooling.internal.provider.SessionFailureReportingActionExecuter.execute(SessionFailureReportingActionExecuter.java:39)
	at org.gradle.tooling.internal.provider.SetupLoggingActionExecuter.execute(SetupLoggingActionExecuter.java:47)
	at org.gradle.tooling.internal.provider.SetupLoggingActionExecuter.execute(SetupLoggingActionExecuter.java:31)
	at org.gradle.launcher.daemon.server.exec.ExecuteBuild.doBuild(ExecuteBuild.java:65)
	at org.gradle.launcher.daemon.server.exec.BuildCommandOnly.execute(BuildCommandOnly.java:37)
	at org.gradle.launcher.daemon.server.api.DaemonCommandExecution.proceed(DaemonCommandExecution.java:104)
	at org.gradle.launcher.daemon.server.exec.WatchForDisconnection.execute(WatchForDisconnection.java:39)
	at org.gradle.launcher.daemon.server.api.DaemonCommandExecution.proceed(DaemonCommandExecution.java:104)
	at org.gradle.launcher.daemon.server.exec.ResetDeprecationLogger.execute(ResetDeprecationLogger.java:29)
	at org.gradle.launcher.daemon.server.api.DaemonCommandExecution.proceed(DaemonCommandExecution.java:104)
	at org.gradle.launcher.daemon.server.exec.RequestStopIfSingleUsedDaemon.execute(RequestStopIfSingleUsedDaemon.java:35)
	at org.gradle.launcher.daemon.server.api.DaemonCommandExecution.proceed(DaemonCommandExecution.java:104)
	at org.gradle.launcher.daemon.server.exec.ForwardClientInput$2.create(ForwardClientInput.java:78)
	at org.gradle.launcher.daemon.server.exec.ForwardClientInput$2.create(ForwardClientInput.java:75)
	at org.gradle.util.internal.Swapper.swap(Swapper.java:38)
	at org.gradle.launcher.daemon.server.exec.ForwardClientInput.execute(ForwardClientInput.java:75)
	at org.gradle.launcher.daemon.server.api.DaemonCommandExecution.proceed(DaemonCommandExecution.java:104)
	at org.gradle.launcher.daemon.server.exec.LogAndCheckHealth.execute(LogAndCheckHealth.java:64)
	at org.gradle.launcher.daemon.server.api.DaemonCommandExecution.proceed(DaemonCommandExecution.java:104)
	at org.gradle.launcher.daemon.server.exec.LogToClient.doBuild(LogToClient.java:63)
	at org.gradle.launcher.daemon.server.exec.BuildCommandOnly.execute(BuildCommandOnly.java:37)
	at org.gradle.launcher.daemon.server.api.DaemonCommandExecution.proceed(DaemonCommandExecution.java:104)
	at org.gradle.launcher.daemon.server.exec.EstablishBuildEnvironment.doBuild(EstablishBuildEnvironment.java:84)
	at org.gradle.launcher.daemon.server.exec.BuildCommandOnly.execute(BuildCommandOnly.java:37)
	at org.gradle.launcher.daemon.server.api.DaemonCommandExecution.proceed(DaemonCommandExecution.java:104)
	at org.gradle.launcher.daemon.server.exec.StartBuildOrRespondWithBusy$1.run(StartBuildOrRespondWithBusy.java:52)
	at org.gradle.launcher.daemon.server.DaemonStateCoordinator$1.run(DaemonStateCoordinator.java:297)
	at org.gradle.internal.concurrent.ExecutorPolicy$CatchAndRecordFailures.onExecute(ExecutorPolicy.java:64)
	at org.gradle.internal.concurrent.AbstractManagedExecutor$1.run(AbstractManagedExecutor.java:47)
Caused by: org.gradle.api.internal.tasks.TaskDependencyResolveException: Could not determine the dependencies of null.
	at org.gradle.api.internal.tasks.CachingTaskDependencyResolveContext.getDependencies(CachingTaskDependencyResolveContext.java:68)
	at org.gradle.api.internal.tasks.AbstractTaskDependency.getDependenciesForInternalUse(AbstractTaskDependency.java:74)
	at org.gradle.api.internal.tasks.TaskDependencyUtil.getDependenciesForInternalUse(TaskDependencyUtil.java:40)
	at org.gradle.api.internal.tasks.TaskDependencyUtil.getDependenciesForInternalUse(TaskDependencyUtil.java:45)
	at org.gradle.api.internal.provider.BuildableBackedProvider.buildableDependencies(BuildableBackedProvider.java:73)
	at org.gradle.api.internal.provider.BuildableBackedProvider.access$000(BuildableBackedProvider.java:28)
	at org.gradle.api.internal.provider.BuildableBackedProvider$1.visitProducerTasks(BuildableBackedProvider.java:53)
	at org.gradle.api.internal.file.collections.ProviderBackedFileCollection.visitDependencies(ProviderBackedFileCollection.java:53)
	at org.gradle.api.internal.tasks.CachingTaskDependencyResolveContext$TaskGraphImpl.getNodeValues(CachingTaskDependencyResolveContext.java:103)
	at org.gradle.internal.graph.CachingDirectedGraphWalker$GraphWithEmptyEdges.getNodeValues(CachingDirectedGraphWalker.java:213)
	at org.gradle.internal.graph.CachingDirectedGraphWalker.doSearch(CachingDirectedGraphWalker.java:121)
	at org.gradle.internal.graph.CachingDirectedGraphWalker.findValues(CachingDirectedGraphWalker.java:73)
	at org.gradle.api.internal.tasks.CachingTaskDependencyResolveContext.getDependencies(CachingTaskDependencyResolveContext.java:66)
	... 143 more
Caused by: com.android.builder.errors.EvalIssueException: Failed to find Build Tools revision 34.0.0
	at com.android.builder.errors.IssueReporter.reportError(IssueReporter.kt:131)
	at com.android.build.gradle.internal.SdkHandler.initTarget(SdkHandler.java:151)
	at com.android.build.gradle.internal.SdkFullLoadingStrategy.init(SdkFullLoadingStrategy.kt:49)
	at com.android.build.gradle.internal.SdkFullLoadingStrategy.getFileFromTarget(SdkFullLoadingStrategy.kt:64)
	at com.android.build.gradle.internal.SdkFullLoadingStrategy.getCoreForSystemModulesJar(SdkFullLoadingStrategy.kt:102)
	at com.android.build.gradle.internal.SdkLoadingStrategy.getCoreForSystemModulesJar(SdkLoadingStrategy.kt:53)
	at com.android.build.gradle.internal.SdkComponentsBuildService$VersionedSdkLoader$coreForSystemModulesProvider$1.call(SdkComponents.kt:286)
	at com.android.build.gradle.internal.SdkComponentsBuildService$VersionedSdkLoader$coreForSystemModulesProvider$1.call(SdkComponents.kt:285)
	at org.gradle.api.internal.provider.DefaultProvider.calculateOwnValue(DefaultProvider.java:72)
	at org.gradle.api.internal.provider.AbstractMinimalProvider.calculateValue(AbstractMinimalProvider.java:115)
	at org.gradle.api.internal.provider.FlatMapProvider.calculateOwnValue(FlatMapProvider.java:53)
	at org.gradle.api.internal.provider.AbstractMinimalProvider.calculateOwnPresentValue(AbstractMinimalProvider.java:80)
	at org.gradle.api.internal.provider.AbstractMinimalProvider.get(AbstractMinimalProvider.java:100)
	at org.gradle.api.internal.provider.ProviderResolutionStrategy$2.resolve(ProviderResolutionStrategy.java:33)
	at org.gradle.api.internal.file.collections.ProviderBackedFileCollection.visitDependencies(ProviderBackedFileCollection.java:57)
	at org.gradle.api.internal.AbstractTaskDependencyContainerVisitingContext.add(AbstractTaskDependencyContainerVisitingContext.java:46)
	at org.gradle.api.internal.file.collections.UnpackingVisitor.add(UnpackingVisitor.java:77)
	at org.gradle.api.internal.file.collections.DefaultConfigurableFileCollection$UnresolvedItemsCollector.visitContents(DefaultConfigurableFileCollection.java:593)
	at org.gradle.api.internal.file.collections.DefaultConfigurableFileCollection.visitChildren(DefaultConfigurableFileCollection.java:440)
	at org.gradle.api.internal.file.CompositeFileCollection.visitDependencies(CompositeFileCollection.java:102)
	at org.gradle.api.internal.file.collections.DefaultConfigurableFileCollection.visitDependencies(DefaultConfigurableFileCollection.java:446)
	at org.gradle.api.internal.AbstractTaskDependencyContainerVisitingContext.add(AbstractTaskDependencyContainerVisitingContext.java:46)
	at org.gradle.api.internal.file.AbstractFileCollection.lambda$getBuildDependencies$0(AbstractFileCollection.java:99)
	at org.gradle.api.internal.tasks.DefaultTaskDependency.visitDependencies(DefaultTaskDependency.java:151)
	at org.gradle.api.internal.AbstractTaskDependencyContainerVisitingContext.add(AbstractTaskDependencyContainerVisitingContext.java:46)
	at org.gradle.api.internal.artifacts.ivyservice.resolveengine.artifact.LocalFileDependencyBackedArtifactSet.visitDependencies(LocalFileDependencyBackedArtifactSet.java:186)
	at org.gradle.api.internal.AbstractTaskDependencyContainerVisitingContext.add(AbstractTaskDependencyContainerVisitingContext.java:46)
	at org.gradle.api.internal.artifacts.ivyservice.resolveengine.artifact.DefaultSelectedArtifactSet.visitDependencies(DefaultSelectedArtifactSet.java:47)
	at org.gradle.api.internal.artifacts.configurations.ResolutionBackedFileCollection.visitDependencies(ResolutionBackedFileCollection.java:59)
	at org.gradle.api.internal.tasks.CachingTaskDependencyResolveContext$TaskGraphImpl.getNodeValues(CachingTaskDependencyResolveContext.java:103)
	at org.gradle.internal.graph.CachingDirectedGraphWalker$GraphWithEmptyEdges.getNodeValues(CachingDirectedGraphWalker.java:213)
	at org.gradle.internal.graph.CachingDirectedGraphWalker.doSearch(CachingDirectedGraphWalker.java:121)
	at org.gradle.internal.graph.CachingDirectedGraphWalker.findValues(CachingDirectedGraphWalker.java:73)
	at org.gradle.api.internal.tasks.CachingTaskDependencyResolveContext.getDependencies(CachingTaskDependencyResolveContext.java:66)
	... 155 more
Caused by: java.lang.IllegalStateException: Failed to find Build Tools revision 34.0.0
	at com.android.builder.sdk.DefaultSdkLoader.installBuildTools(DefaultSdkLoader.java:307)
	at com.android.builder.sdk.DefaultSdkLoader.getTargetInfo(DefaultSdkLoader.java:155)
	at com.android.build.gradle.internal.SdkHandler.initTarget(SdkHandler.java:131)
	... 187 more


BUILD FAILED in 3s
